// Jest Snapshot v1, https://goo.gl/fbAQLP

exports[`Character-Sheet (default props) => renders correctly 1`] = `
<View
  style={
    Object {
      "backgroundColor": "#141313",
      "flexDirection": "column",
      "height": "100%",
      "paddingBottom": 5,
      "paddingTop": 5,
      "width": "100%",
    }
  }
>
  <View
    style={
      Object {
        "backgroundColor": "#329932",
        "flex": 1,
        "flexDirection": "row",
        "marginBottom": 4,
        "marginLeft": 15,
        "marginRight": 15,
      }
    }
  >
    <Image
      source={
        Object {
          "uri": "http://10.0.0.6:3000/placeholders/nopic.png",
        }
      }
      style={
        Object {
          "backgroundColor": "#141313",
          "borderColor": "black",
          "borderWidth": 1,
          "flex": 1,
          "height": "95%",
          "margin": 1,
          "resizeMode": "stretch",
        }
      }
    >
      <View
        style={
          Object {
            "backgroundColor": "green",
            "height": "100%",
            "opacity": 0.5,
            "width": "100%",
          }
        }
      />
    </Image>
    <Text
      accessible={true}
      allowFontScaling={true}
      ellipsizeMode="tail"
      style={
        Object {
          "alignSelf": "center",
          "backgroundColor": "#329932",
          "color": "#141313",
          "flex": 5,
          "fontFamily": "telegrama_raw",
          "fontSize": 18,
          "textAlign": "center",
        }
      }
    >
      Aram
    </Text>
  </View>
  <View
    style={
      Object {
        "backgroundColor": "#329932",
        "flex": 1,
        "flexDirection": "row",
        "marginBottom": 4,
        "marginLeft": 15,
        "marginRight": 15,
      }
    }
  >
    <Text
      accessible={true}
      allowFontScaling={true}
      ellipsizeMode="tail"
      style={
        Object {
          "alignSelf": "center",
          "backgroundColor": "#329932",
          "color": "#141313",
          "flex": 1,
          "fontFamily": "telegrama_raw",
          "fontSize": 18,
          "textAlign": "center",
        }
      }
    >
      Actions:
    </Text>
    <Text
      accessible={true}
      allowFontScaling={true}
      ellipsizeMode="tail"
      style={
        Object {
          "alignSelf": "center",
          "backgroundColor": "#329932",
          "color": "#141313",
          "flex": 1,
          "fontFamily": "telegrama_raw",
          "fontSize": 18,
          "textAlign": "center",
        }
      }
    >
      10
    </Text>
  </View>
  <View
    style={
      Object {
        "flex": 9,
        "flexDirection": "column",
        "paddingLeft": 15,
        "paddingRight": 15,
      }
    }
  >
    <View
      style={
        Object {
          "flex": 1,
          "marginBottom": 2,
        }
      }
    >
      <View
        style={
          Object {
            "backgroundColor": "#329932",
            "borderColor": "#329932",
            "borderRadius": 0,
            "borderWidth": 0.5,
            "flex": 1,
            "flexDirection": "column",
            "width": "100%",
          }
        }
      >
        <View
          style={
            Object {
              "alignItems": "center",
              "flexDirection": "row",
              "justifyContent": "center",
              "minHeight": 30,
            }
          }
        >
          <Text
            accessible={true}
            allowFontScaling={true}
            ellipsizeMode="tail"
            numberOfLines={1}
            style={
              Object {
                "color": "#0e0e0e",
                "flex": 7,
                "fontFamily": "telegrama_raw",
                "paddingLeft": 5,
                "textAlign": "left",
              }
            }
          >
            Items
          </Text>
          <Text
            accessible={true}
            allowFontScaling={true}
            ellipsizeMode="tail"
            numberOfLines={1}
            style={
              Object {
                "color": "#0e0e0e",
                "flex": 3,
                "fontFamily": "telegrama_raw",
                "textAlign": "center",
              }
            }
          >
            Cap: 5/7
          </Text>
        </View>
        <View
          style={
            Object {
              "backgroundColor": "#141313",
              "borderColor": "#141313",
              "borderRadius": 0,
              "borderWidth": 0.5,
              "flex": 13,
              "flexDirection": "column",
              "margin": 1,
            }
          }
        >
          <View
            style={
              Object {
                "flex": 1,
                "flexDirection": "row",
                "marginTop": 2,
                "minHeight": 27,
              }
            }
          >
            <Image
              source={1}
              style={
                Object {
                  "backgroundColor": "transparent",
                  "flex": 1,
                  "height": undefined,
                  "marginLeft": 3,
                  "resizeMode": "stretch",
                  "width": undefined,
                }
              }
            />
            <View
              style={
                Object {
                  "flex": 12,
                  "flexDirection": "row",
                  "justifyContent": "space-between",
                }
              }
            >
              <Text
                accessible={true}
                allowFontScaling={true}
                ellipsizeMode="tail"
                style={
                  Object {
                    "color": "#00ff00",
                    "flex": 5,
                    "fontFamily": "telegrama_raw",
                    "paddingLeft": 9,
                    "paddingTop": 3,
                  }
                }
              >
                Steal
              </Text>
              <Text
                accessible={true}
                allowFontScaling={true}
                ellipsizeMode="tail"
                style={
                  Object {
                    "color": "#329932",
                    "flex": 1,
                    "fontFamily": "telegrama_raw",
                    "paddingTop": 5,
                  }
                }
              >
                ?
              </Text>
            </View>
          </View>
          <View
            style={
              Object {
                "flex": 1,
                "flexDirection": "row",
                "marginTop": 2,
                "minHeight": 27,
              }
            }
          >
            <Image
              source={1}
              style={
                Object {
                  "backgroundColor": "transparent",
                  "flex": 1,
                  "height": undefined,
                  "marginLeft": 3,
                  "resizeMode": "stretch",
                  "width": undefined,
                }
              }
            />
            <View
              style={
                Object {
                  "flex": 12,
                  "flexDirection": "row",
                  "justifyContent": "space-between",
                }
              }
            >
              <Text
                accessible={true}
                allowFontScaling={true}
                ellipsizeMode="tail"
                style={
                  Object {
                    "color": "#329932",
                    "flex": 5,
                    "fontFamily": "telegrama_raw",
                    "paddingLeft": 9,
                    "paddingTop": 3,
                  }
                }
              >
                Assist
              </Text>
              <Text
                accessible={true}
                allowFontScaling={true}
                ellipsizeMode="tail"
                style={
                  Object {
                    "color": "#329932",
                    "flex": 1,
                    "fontFamily": "telegrama_raw",
                    "paddingTop": 5,
                  }
                }
              >
                ?
              </Text>
            </View>
          </View>
          <View
            style={
              Object {
                "flex": 1,
                "flexDirection": "row",
                "marginTop": 2,
                "minHeight": 27,
              }
            }
          >
            <Image
              source={1}
              style={
                Object {
                  "backgroundColor": "transparent",
                  "flex": 1,
                  "height": undefined,
                  "marginLeft": 3,
                  "resizeMode": "stretch",
                  "width": undefined,
                }
              }
            />
            <View
              style={
                Object {
                  "flex": 12,
                  "flexDirection": "row",
                  "justifyContent": "space-between",
                }
              }
            >
              <Text
                accessible={true}
                allowFontScaling={true}
                ellipsizeMode="tail"
                style={
                  Object {
                    "color": "#00ff00",
                    "flex": 5,
                    "fontFamily": "telegrama_raw",
                    "paddingLeft": 9,
                    "paddingTop": 3,
                  }
                }
              >
                Prevent (x2)
              </Text>
              <Text
                accessible={true}
                allowFontScaling={true}
                ellipsizeMode="tail"
                style={
                  Object {
                    "color": "#329932",
                    "flex": 1,
                    "fontFamily": "telegrama_raw",
                    "paddingTop": 5,
                  }
                }
              >
                ?
              </Text>
            </View>
          </View>
          <View
            style={
              Object {
                "flex": 1,
                "flexDirection": "row",
                "marginTop": 2,
                "minHeight": 27,
              }
            }
          >
            <Image
              source={1}
              style={
                Object {
                  "backgroundColor": "transparent",
                  "flex": 1,
                  "height": undefined,
                  "marginLeft": 3,
                  "resizeMode": "stretch",
                  "width": undefined,
                }
              }
            />
            <View
              style={
                Object {
                  "flex": 12,
                  "flexDirection": "row",
                  "justifyContent": "space-between",
                }
              }
            >
              <Text
                accessible={true}
                allowFontScaling={true}
                ellipsizeMode="tail"
                style={
                  Object {
                    "color": "#00ff00",
                    "flex": 5,
                    "fontFamily": "telegrama_raw",
                    "paddingLeft": 9,
                    "paddingTop": 3,
                  }
                }
              >
                Reset (x2)
              </Text>
              <Text
                accessible={true}
                allowFontScaling={true}
                ellipsizeMode="tail"
                style={
                  Object {
                    "color": "#329932",
                    "flex": 1,
                    "fontFamily": "telegrama_raw",
                    "paddingTop": 5,
                  }
                }
              >
                ?
              </Text>
            </View>
          </View>
          <View
            style={
              Object {
                "flex": 1,
                "flexDirection": "row",
                "marginTop": 2,
                "minHeight": 27,
              }
            }
          >
            <Image
              source={1}
              style={
                Object {
                  "backgroundColor": "transparent",
                  "flex": 1,
                  "height": undefined,
                  "marginLeft": 3,
                  "resizeMode": "stretch",
                  "width": undefined,
                }
              }
            />
            <View
              style={
                Object {
                  "flex": 12,
                  "flexDirection": "row",
                  "justifyContent": "space-between",
                }
              }
            >
              <Text
                accessible={true}
                allowFontScaling={true}
                ellipsizeMode="tail"
                style={
                  Object {
                    "color": "#329932",
                    "flex": 5,
                    "fontFamily": "telegrama_raw",
                    "paddingLeft": 9,
                    "paddingTop": 3,
                  }
                }
              >
                Lock
              </Text>
              <Text
                accessible={true}
                allowFontScaling={true}
                ellipsizeMode="tail"
                style={
                  Object {
                    "color": "#329932",
                    "flex": 1,
                    "fontFamily": "telegrama_raw",
                    "paddingTop": 5,
                  }
                }
              >
                ?
              </Text>
            </View>
          </View>
          <View
            style={
              Object {
                "flex": 1,
                "flexDirection": "row",
                "marginTop": 2,
                "minHeight": 27,
              }
            }
          >
            <Image
              source={1}
              style={
                Object {
                  "backgroundColor": "transparent",
                  "flex": 1,
                  "height": undefined,
                  "marginLeft": 3,
                  "resizeMode": "stretch",
                  "width": undefined,
                }
              }
            />
            <View
              style={
                Object {
                  "flex": 12,
                  "flexDirection": "row",
                  "justifyContent": "space-between",
                }
              }
            >
              <Text
                accessible={true}
                allowFontScaling={true}
                ellipsizeMode="tail"
                style={
                  Object {
                    "color": "#329932",
                    "flex": 5,
                    "fontFamily": "telegrama_raw",
                    "paddingLeft": 9,
                    "paddingTop": 3,
                  }
                }
              >
                Unlock
              </Text>
              <Text
                accessible={true}
                allowFontScaling={true}
                ellipsizeMode="tail"
                style={
                  Object {
                    "color": "#329932",
                    "flex": 1,
                    "fontFamily": "telegrama_raw",
                    "paddingTop": 5,
                  }
                }
              >
                ?
              </Text>
            </View>
          </View>
        </View>
      </View>
    </View>
    <View
      style={
        Object {
          "flex": 1,
          "marginTop": 2,
        }
      }
    >
      <View
        style={
          Object {
            "backgroundColor": "#329932",
            "borderColor": "#329932",
            "borderRadius": 0,
            "borderWidth": 0.5,
            "flex": 1,
            "flexDirection": "column",
            "width": "100%",
          }
        }
      >
        <View
          style={
            Object {
              "alignItems": "center",
              "flexDirection": "row",
              "justifyContent": "center",
              "minHeight": 30,
            }
          }
        >
          <Text
            accessible={true}
            allowFontScaling={true}
            ellipsizeMode="tail"
            numberOfLines={1}
            style={
              Object {
                "color": "#0e0e0e",
                "flex": 7,
                "fontFamily": "telegrama_raw",
                "textAlign": "center",
              }
            }
          >
            Iterations
          </Text>
        </View>
        <View
          style={
            Object {
              "backgroundColor": "#141313",
              "borderColor": "#141313",
              "borderRadius": 0,
              "borderWidth": 0.5,
              "flex": 13,
              "flexDirection": "column",
              "margin": 1,
            }
          }
        >
          <RCTScrollView>
            <View>
              <View
                accessibilityComponentType={undefined}
                accessibilityLabel={undefined}
                accessibilityTraits={undefined}
                accessible={true}
                hasTVPreferredFocus={undefined}
                hitSlop={undefined}
                isTVSelectable={true}
                onLayout={undefined}
                onResponderGrant={[Function]}
                onResponderMove={[Function]}
                onResponderRelease={[Function]}
                onResponderTerminate={[Function]}
                onResponderTerminationRequest={[Function]}
                onStartShouldSetResponder={[Function]}
                style={
                  Array [
                    Object {
                      "backgroundColor": "transparent",
                    },
                    undefined,
                  ]
                }
                testID={undefined}
                tvParallaxProperties={undefined}
              >
                <View
                  style={
                    Object {
                      "flexDirection": "column",
                      "height": 25,
                    }
                  }
                >
                  <Text
                    accessible={true}
                    allowFontScaling={true}
                    ellipsizeMode="tail"
                    style={
                      Object {
                        "color": "#00ff00",
                        "flex": 1,
                        "fontFamily": "telegrama_raw",
                        "fontSize": 8,
                        "marginTop": 5,
                        "paddingRight": 9,
                        "paddingTop": 2,
                        "textAlign": "center",
                      }
                    }
                  >
                    Timeline 1
                  </Text>
                  <View
                    style={
                      Object {
                        "flex": 1,
                      }
                    }
                  >
                    <View
                      style={
                        Object {
                          "flexDirection": "row",
                        }
                      }
                    >
                      <Text
                        accessible={true}
                        allowFontScaling={true}
                        ellipsizeMode="tail"
                        style={
                          Object {
                            "color": "#329932",
                            "flex": 1,
                            "fontFamily": "telegrama_raw",
                            "fontSize": 6,
                            "marginLeft": 9,
                            "paddingTop": 2,
                            "textAlign": "left",
                          }
                        }
                      >
                        Resetting
                      </Text>
                      <Text
                        accessible={true}
                        allowFontScaling={true}
                        ellipsizeMode="tail"
                        style={
                          Object {
                            "color": "#329932",
                            "flex": 7,
                            "fontFamily": "telegrama_raw",
                            "fontSize": 6,
                            "paddingTop": 2,
                            "textAlign": "left",
                          }
                        }
                      >
                        | |==------------------------------------------------|   1% 00:01:39
                      </Text>
                    </View>
                  </View>
                </View>
              </View>
              <View
                accessibilityComponentType={undefined}
                accessibilityLabel={undefined}
                accessibilityTraits={undefined}
                accessible={true}
                hasTVPreferredFocus={undefined}
                hitSlop={undefined}
                isTVSelectable={true}
                onLayout={undefined}
                onResponderGrant={[Function]}
                onResponderMove={[Function]}
                onResponderRelease={[Function]}
                onResponderTerminate={[Function]}
                onResponderTerminationRequest={[Function]}
                onStartShouldSetResponder={[Function]}
                style={
                  Array [
                    Object {
                      "backgroundColor": "transparent",
                    },
                    undefined,
                  ]
                }
                testID={undefined}
                tvParallaxProperties={undefined}
              >
                <View
                  style={
                    Object {
                      "flexDirection": "column",
                      "height": 25,
                    }
                  }
                >
                  <Text
                    accessible={true}
                    allowFontScaling={true}
                    ellipsizeMode="tail"
                    style={
                      Object {
                        "color": "#00ff00",
                        "flex": 1,
                        "fontFamily": "telegrama_raw",
                        "fontSize": 8,
                        "marginTop": 5,
                        "paddingRight": 9,
                        "paddingTop": 2,
                        "textAlign": "center",
                      }
                    }
                  >
                    Timeline 2
                  </Text>
                  <View
                    style={
                      Object {
                        "flex": 1,
                      }
                    }
                  >
                    <View
                      style={
                        Object {
                          "flexDirection": "row",
                        }
                      }
                    >
                      <Text
                        accessible={true}
                        allowFontScaling={true}
                        ellipsizeMode="tail"
                        style={
                          Object {
                            "color": "#329932",
                            "flex": 1,
                            "fontFamily": "telegrama_raw",
                            "fontSize": 6,
                            "marginLeft": 9,
                            "paddingTop": 2,
                            "textAlign": "left",
                          }
                        }
                      >
                        Locking
                      </Text>
                      <Text
                        accessible={true}
                        allowFontScaling={true}
                        ellipsizeMode="tail"
                        style={
                          Object {
                            "color": "#329932",
                            "flex": 7,
                            "fontFamily": "telegrama_raw",
                            "fontSize": 6,
                            "paddingTop": 2,
                            "textAlign": "left",
                          }
                        }
                      >
                        | |==------------------------------------------------|   1% 00:06:39
                      </Text>
                    </View>
                  </View>
                </View>
              </View>
            </View>
          </RCTScrollView>
        </View>
      </View>
    </View>
  </View>
</View>
`;

exports[`Character-Sheet (no player) => renders empty 1`] = `null`;
