// Jest Snapshot v1, https://goo.gl/fbAQLP

exports[`InventoryCount (default props) => renders correctly 1`] = `
<View
  style={
    Object {
      "flex": 1,
      "flexDirection": "row",
    }
  }
>
  <Text
    accessible={true}
    allowFontScaling={true}
    ellipsizeMode="tail"
    style={
      Object {
        "color": "#329932",
        "flex": 1,
        "flexDirection": "row",
        "fontFamily": "telegrama_raw",
        "fontSize": 8,
        "marginTop": 20,
      }
    }
  >
    Artifacts: 
  </Text>
  <Text
    accessible={true}
    allowFontScaling={true}
    ellipsizeMode="tail"
    style={
      Object {
        "color": "#329932",
        "flex": 1,
        "flexDirection": "row",
        "fontFamily": "telegrama_raw",
        "fontSize": 8,
        "marginTop": 20,
      }
    }
  >
    /7
  </Text>
</View>
`;

exports[`InventoryCount (with count) => renders correctly 1`] = `
<View
  style={
    Object {
      "flex": 1,
      "flexDirection": "row",
    }
  }
>
  <Text
    accessible={true}
    allowFontScaling={true}
    ellipsizeMode="tail"
    style={
      Object {
        "color": "#329932",
        "flex": 1,
        "flexDirection": "row",
        "fontFamily": "telegrama_raw",
        "fontSize": 8,
        "marginTop": 20,
      }
    }
  >
    Artifacts: 
  </Text>
  <Text
    accessible={true}
    allowFontScaling={true}
    ellipsizeMode="tail"
    style={
      Object {
        "color": "#329932",
        "flex": 1,
        "flexDirection": "row",
        "fontFamily": "telegrama_raw",
        "fontSize": 8,
        "marginTop": 20,
      }
    }
  >
    1
    /7
  </Text>
</View>
`;
