// Jest Snapshot v1, https://goo.gl/fbAQLP

exports[`Item component => renders correctly 1`] = `
<Image
  source={1}
  style={
    Object {
      "height": 16,
      "marginRight": 4,
      "width": 16,
    }
  }
/>
`;
