// Jest Snapshot v1, https://goo.gl/fbAQLP

exports[`SortButtons (sortBy player) => renders correctly 1`] = `
<View
  style={
    Object {
      "alignItems": "center",
      "borderColor": "#329932",
      "borderWidth": 1,
      "flex": 1,
      "flexDirection": "column",
      "height": "100%",
      "justifyContent": "center",
      "width": "100%",
    }
  }
>
  <View
    accessibilityComponentType={undefined}
    accessibilityLabel={undefined}
    accessibilityTraits={undefined}
    accessible={true}
    hasTVPreferredFocus={undefined}
    hitSlop={undefined}
    isTVSelectable={true}
    onLayout={undefined}
    onResponderGrant={[Function]}
    onResponderMove={[Function]}
    onResponderRelease={[Function]}
    onResponderTerminate={[Function]}
    onResponderTerminationRequest={[Function]}
    onStartShouldSetResponder={[Function]}
    style={
      Array [
        Object {
          "backgroundColor": "transparent",
        },
        Object {
          "alignSelf": "center",
          "backgroundColor": "#329932",
          "flex": 1,
          "height": "100%",
          "width": "100%",
        },
      ]
    }
    testID={undefined}
    tvParallaxProperties={undefined}
  >
    <Text
      accessible={true}
      allowFontScaling={true}
      ellipsizeMode="tail"
      style={
        Object {
          "color": "#0e0e0e",
          "fontFamily": "telegrama_raw",
          "fontSize": 20,
          "paddingTop": 13,
          "textAlign": "center",
        }
      }
    >
      Player
    </Text>
  </View>
  <View
    accessibilityComponentType={undefined}
    accessibilityLabel={undefined}
    accessibilityTraits={undefined}
    accessible={true}
    hasTVPreferredFocus={undefined}
    hitSlop={undefined}
    isTVSelectable={true}
    onLayout={undefined}
    onResponderGrant={[Function]}
    onResponderMove={[Function]}
    onResponderRelease={[Function]}
    onResponderTerminate={[Function]}
    onResponderTerminationRequest={[Function]}
    onStartShouldSetResponder={[Function]}
    style={
      Array [
        Object {
          "backgroundColor": "transparent",
        },
        Object {
          "alignSelf": "center",
          "backgroundColor": "#141313",
          "borderBottomWidth": 1,
          "borderColor": "#329932",
          "borderRadius": 0,
          "flex": 1,
          "height": "100%",
          "width": "100%",
        },
      ]
    }
    testID={undefined}
    tvParallaxProperties={undefined}
  >
    <Text
      accessible={true}
      allowFontScaling={true}
      ellipsizeMode="tail"
      style={
        Object {
          "color": "#329932",
          "fontFamily": "telegrama_raw",
          "fontSize": 20,
          "paddingTop": 13,
          "textAlign": "center",
        }
      }
    >
      Type
    </Text>
  </View>
  <View
    accessibilityComponentType={undefined}
    accessibilityLabel={undefined}
    accessibilityTraits={undefined}
    accessible={true}
    hasTVPreferredFocus={undefined}
    hitSlop={undefined}
    isTVSelectable={true}
    onLayout={undefined}
    onResponderGrant={[Function]}
    onResponderMove={[Function]}
    onResponderRelease={[Function]}
    onResponderTerminate={[Function]}
    onResponderTerminationRequest={[Function]}
    onStartShouldSetResponder={[Function]}
    style={
      Array [
        Object {
          "backgroundColor": "transparent",
        },
        Object {
          "alignSelf": "center",
          "backgroundColor": "#141313",
          "borderColor": "#329932",
          "borderRadius": 0,
          "flex": 1,
          "height": "100%",
          "width": "100%",
        },
      ]
    }
    testID={undefined}
    tvParallaxProperties={undefined}
  >
    <Text
      accessible={true}
      allowFontScaling={true}
      ellipsizeMode="tail"
      style={
        Object {
          "color": "#329932",
          "fontFamily": "telegrama_raw",
          "fontSize": 20,
          "paddingTop": 13,
          "textAlign": "center",
        }
      }
    >
      Time
    </Text>
  </View>
</View>
`;

exports[`SortButtons (sortBy time) => renders correctly 1`] = `
<View
  style={
    Object {
      "alignItems": "center",
      "borderColor": "#329932",
      "borderWidth": 1,
      "flex": 1,
      "flexDirection": "column",
      "height": "100%",
      "justifyContent": "center",
      "width": "100%",
    }
  }
>
  <View
    accessibilityComponentType={undefined}
    accessibilityLabel={undefined}
    accessibilityTraits={undefined}
    accessible={true}
    hasTVPreferredFocus={undefined}
    hitSlop={undefined}
    isTVSelectable={true}
    onLayout={undefined}
    onResponderGrant={[Function]}
    onResponderMove={[Function]}
    onResponderRelease={[Function]}
    onResponderTerminate={[Function]}
    onResponderTerminationRequest={[Function]}
    onStartShouldSetResponder={[Function]}
    style={
      Array [
        Object {
          "backgroundColor": "transparent",
        },
        Object {
          "alignSelf": "center",
          "backgroundColor": "#329932",
          "flex": 1,
          "height": "100%",
          "width": "100%",
        },
      ]
    }
    testID={undefined}
    tvParallaxProperties={undefined}
  >
    <Text
      accessible={true}
      allowFontScaling={true}
      ellipsizeMode="tail"
      style={
        Object {
          "color": "#0e0e0e",
          "fontFamily": "telegrama_raw",
          "fontSize": 20,
          "paddingTop": 13,
          "textAlign": "center",
        }
      }
    >
      Player
    </Text>
  </View>
  <View
    accessibilityComponentType={undefined}
    accessibilityLabel={undefined}
    accessibilityTraits={undefined}
    accessible={true}
    hasTVPreferredFocus={undefined}
    hitSlop={undefined}
    isTVSelectable={true}
    onLayout={undefined}
    onResponderGrant={[Function]}
    onResponderMove={[Function]}
    onResponderRelease={[Function]}
    onResponderTerminate={[Function]}
    onResponderTerminationRequest={[Function]}
    onStartShouldSetResponder={[Function]}
    style={
      Array [
        Object {
          "backgroundColor": "transparent",
        },
        Object {
          "alignSelf": "center",
          "backgroundColor": "#141313",
          "borderBottomWidth": 1,
          "borderColor": "#329932",
          "borderRadius": 0,
          "flex": 1,
          "height": "100%",
          "width": "100%",
        },
      ]
    }
    testID={undefined}
    tvParallaxProperties={undefined}
  >
    <Text
      accessible={true}
      allowFontScaling={true}
      ellipsizeMode="tail"
      style={
        Object {
          "color": "#329932",
          "fontFamily": "telegrama_raw",
          "fontSize": 20,
          "paddingTop": 13,
          "textAlign": "center",
        }
      }
    >
      Type
    </Text>
  </View>
  <View
    accessibilityComponentType={undefined}
    accessibilityLabel={undefined}
    accessibilityTraits={undefined}
    accessible={true}
    hasTVPreferredFocus={undefined}
    hitSlop={undefined}
    isTVSelectable={true}
    onLayout={undefined}
    onResponderGrant={[Function]}
    onResponderMove={[Function]}
    onResponderRelease={[Function]}
    onResponderTerminate={[Function]}
    onResponderTerminationRequest={[Function]}
    onStartShouldSetResponder={[Function]}
    style={
      Array [
        Object {
          "backgroundColor": "transparent",
        },
        Object {
          "alignSelf": "center",
          "backgroundColor": "#141313",
          "borderColor": "#329932",
          "borderRadius": 0,
          "flex": 1,
          "height": "100%",
          "width": "100%",
        },
      ]
    }
    testID={undefined}
    tvParallaxProperties={undefined}
  >
    <Text
      accessible={true}
      allowFontScaling={true}
      ellipsizeMode="tail"
      style={
        Object {
          "color": "#329932",
          "fontFamily": "telegrama_raw",
          "fontSize": 20,
          "paddingTop": 13,
          "textAlign": "center",
        }
      }
    >
      Time
    </Text>
  </View>
</View>
`;

exports[`SortButtons (sortBy type) => renders correctly 1`] = `
<View
  style={
    Object {
      "alignItems": "center",
      "borderColor": "#329932",
      "borderWidth": 1,
      "flex": 1,
      "flexDirection": "column",
      "height": "100%",
      "justifyContent": "center",
      "width": "100%",
    }
  }
>
  <View
    accessibilityComponentType={undefined}
    accessibilityLabel={undefined}
    accessibilityTraits={undefined}
    accessible={true}
    hasTVPreferredFocus={undefined}
    hitSlop={undefined}
    isTVSelectable={true}
    onLayout={undefined}
    onResponderGrant={[Function]}
    onResponderMove={[Function]}
    onResponderRelease={[Function]}
    onResponderTerminate={[Function]}
    onResponderTerminationRequest={[Function]}
    onStartShouldSetResponder={[Function]}
    style={
      Array [
        Object {
          "backgroundColor": "transparent",
        },
        Object {
          "alignSelf": "center",
          "backgroundColor": "#329932",
          "flex": 1,
          "height": "100%",
          "width": "100%",
        },
      ]
    }
    testID={undefined}
    tvParallaxProperties={undefined}
  >
    <Text
      accessible={true}
      allowFontScaling={true}
      ellipsizeMode="tail"
      style={
        Object {
          "color": "#0e0e0e",
          "fontFamily": "telegrama_raw",
          "fontSize": 20,
          "paddingTop": 13,
          "textAlign": "center",
        }
      }
    >
      Player
    </Text>
  </View>
  <View
    accessibilityComponentType={undefined}
    accessibilityLabel={undefined}
    accessibilityTraits={undefined}
    accessible={true}
    hasTVPreferredFocus={undefined}
    hitSlop={undefined}
    isTVSelectable={true}
    onLayout={undefined}
    onResponderGrant={[Function]}
    onResponderMove={[Function]}
    onResponderRelease={[Function]}
    onResponderTerminate={[Function]}
    onResponderTerminationRequest={[Function]}
    onStartShouldSetResponder={[Function]}
    style={
      Array [
        Object {
          "backgroundColor": "transparent",
        },
        Object {
          "alignSelf": "center",
          "backgroundColor": "#141313",
          "borderBottomWidth": 1,
          "borderColor": "#329932",
          "borderRadius": 0,
          "flex": 1,
          "height": "100%",
          "width": "100%",
        },
      ]
    }
    testID={undefined}
    tvParallaxProperties={undefined}
  >
    <Text
      accessible={true}
      allowFontScaling={true}
      ellipsizeMode="tail"
      style={
        Object {
          "color": "#329932",
          "fontFamily": "telegrama_raw",
          "fontSize": 20,
          "paddingTop": 13,
          "textAlign": "center",
        }
      }
    >
      Type
    </Text>
  </View>
  <View
    accessibilityComponentType={undefined}
    accessibilityLabel={undefined}
    accessibilityTraits={undefined}
    accessible={true}
    hasTVPreferredFocus={undefined}
    hitSlop={undefined}
    isTVSelectable={true}
    onLayout={undefined}
    onResponderGrant={[Function]}
    onResponderMove={[Function]}
    onResponderRelease={[Function]}
    onResponderTerminate={[Function]}
    onResponderTerminationRequest={[Function]}
    onStartShouldSetResponder={[Function]}
    style={
      Array [
        Object {
          "backgroundColor": "transparent",
        },
        Object {
          "alignSelf": "center",
          "backgroundColor": "#141313",
          "borderColor": "#329932",
          "borderRadius": 0,
          "flex": 1,
          "height": "100%",
          "width": "100%",
        },
      ]
    }
    testID={undefined}
    tvParallaxProperties={undefined}
  >
    <Text
      accessible={true}
      allowFontScaling={true}
      ellipsizeMode="tail"
      style={
        Object {
          "color": "#329932",
          "fontFamily": "telegrama_raw",
          "fontSize": 20,
          "paddingTop": 13,
          "textAlign": "center",
        }
      }
    >
      Time
    </Text>
  </View>
</View>
`;
