// Jest Snapshot v1, https://goo.gl/fbAQLP

exports[`Steal Modal component => renders correctly when closed 1`] = `<View />`;

exports[`Steal Modal component => renders correctly when open 1`] = `
<View
  pointerEvents="box-none"
  style={
    Array [
      Object {
        "backgroundColor": "rgba(0,0,0,0)",
        "zIndex": 2,
      },
      Object {
        "bottom": 0,
        "left": 0,
        "position": "absolute",
        "right": 0,
        "top": 0,
      },
    ]
  }
>
  <View
    onLayout={[Function]}
    style={
      Object {
        "flex": 1,
      }
    }
  >
    <View
      accessibilityComponentType={undefined}
      accessibilityLabel={undefined}
      accessibilityTraits={undefined}
      accessible={true}
      hitSlop={undefined}
      onLayout={undefined}
      onResponderGrant={[Function]}
      onResponderMove={[Function]}
      onResponderRelease={[Function]}
      onResponderTerminate={[Function]}
      onResponderTerminationRequest={[Function]}
      onStartShouldSetResponder={[Function]}
      style={
        Object {
          "bottom": 0,
          "left": 0,
          "opacity": 0,
          "position": "absolute",
          "right": 0,
          "top": 0,
        }
      }
      testID={undefined}
    >
      <View
        style={
          Array [
            Object {
              "bottom": 0,
              "left": 0,
              "position": "absolute",
              "right": 0,
              "top": 0,
            },
            Object {
              "backgroundColor": "black",
              "opacity": 0.5,
            },
          ]
        }
      />
    </View>
    <View
      onLayout={[Function]}
      onMoveShouldSetResponder={[Function]}
      onMoveShouldSetResponderCapture={[Function]}
      onResponderEnd={[Function]}
      onResponderGrant={[Function]}
      onResponderMove={[Function]}
      onResponderReject={[Function]}
      onResponderRelease={[Function]}
      onResponderStart={[Function]}
      onResponderTerminate={[Function]}
      onResponderTerminationRequest={[Function]}
      onStartShouldSetResponder={[Function]}
      onStartShouldSetResponderCapture={[Function]}
      style={
        Object {
          "backgroundColor": "#141313",
          "height": "50%",
          "transform": Array [
            Object {
              "translateY": 1334,
            },
            Object {
              "translateX": 0,
            },
          ],
          "width": "90%",
        }
      }
    >
      <Image
        source={1}
        style={
          Object {
            "height": "10%",
            "resizeMode": "stretch",
            "width": "100%",
          }
        }
      />
      <View
        style={
          Object {
            "alignItems": "center",
            "flexDirection": "row",
            "height": "80%",
            "justifyContent": "center",
            "width": "100%",
          }
        }
      >
        <View
          style={
            Object {
              "flexDirection": "column",
            }
          }
        >
          <Text
            accessible={true}
            allowFontScaling={true}
            ellipsizeMode="tail"
            style={
              Array [
                Object {
                  "color": "#329932",
                  "flex": 0,
                  "fontFamily": "telegrama_raw",
                  "fontSize": 45.911331934501746,
                  "textAlign": "center",
                  "width": "100%",
                },
                Object {
                  "flex": 1,
                },
              ]
            }
          >
            Would you like to steal
          </Text>
          <View
            style={
              Object {
                "alignSelf": "center",
                "flex": 1,
                "justifyContent": "center",
              }
            }
          >
            <Image
              source={1}
              style={
                Object {
                  "alignSelf": "center",
                  "height": 16,
                  "marginRight": 0,
                  "width": 16,
                }
              }
            />
          </View>
          <Text
            accessible={true}
            allowFontScaling={true}
            ellipsizeMode="tail"
            style={
              Array [
                Object {
                  "color": "#329932",
                  "flex": 0,
                  "fontFamily": "telegrama_raw",
                  "fontSize": 45.911331934501746,
                  "textAlign": "center",
                  "width": "100%",
                },
                Object {
                  "flex": 1,
                },
              ]
            }
          >
            from
          </Text>
          <Text
            accessible={true}
            allowFontScaling={true}
            ellipsizeMode="tail"
            numberOfLines={1}
            style={
              Array [
                Object {
                  "color": "#329932",
                  "flex": 0,
                  "fontFamily": "telegrama_raw",
                  "fontSize": 45.911331934501746,
                  "textAlign": "center",
                  "width": "100%",
                },
                Object {
                  "flex": 1,
                },
              ]
            }
          >
            foo
            ?
          </Text>
          <View
            style={
              Object {
                "alignSelf": "center",
                "flex": 1,
                "flexDirection": "row",
                "width": "90%",
              }
            }
          >
            <View
              style={
                Object {
                  "flex": 1,
                  "marginRight": 2,
                }
              }
            >
              <View
                style={
                  Object {
                    "flex": 1,
                    "height": "100%",
                    "width": "100%",
                  }
                }
              >
                <View
                  accessibilityComponentType={undefined}
                  accessibilityLabel={undefined}
                  accessibilityTraits={undefined}
                  accessible={true}
                  hasTVPreferredFocus={undefined}
                  hitSlop={undefined}
                  isTVSelectable={true}
                  onLayout={undefined}
                  onResponderGrant={[Function]}
                  onResponderMove={[Function]}
                  onResponderRelease={[Function]}
                  onResponderTerminate={[Function]}
                  onResponderTerminationRequest={[Function]}
                  onStartShouldSetResponder={[Function]}
                  style={
                    Array [
                      Object {
                        "backgroundColor": "transparent",
                      },
                      Object {
                        "alignItems": "center",
                        "backgroundColor": "#141313",
                        "borderColor": "#329932",
                        "borderRadius": 0,
                        "borderWidth": 1,
                        "flex": 1,
                        "flexDirection": "row",
                        "height": "100%",
                        "justifyContent": "center",
                        "width": "100%",
                      },
                    ]
                  }
                  testID={undefined}
                  tvParallaxProperties={undefined}
                >
                  <Text
                    accessible={true}
                    allowFontScaling={true}
                    ellipsizeMode="tail"
                    style={
                      Object {
                        "color": "#329932",
                        "flex": 1,
                        "fontFamily": "telegrama_raw",
                        "textAlign": "center",
                      }
                    }
                  >
                    Yes
                  </Text>
                </View>
              </View>
            </View>
            <View
              style={
                Object {
                  "flex": 1,
                  "marginLeft": 2,
                }
              }
            >
              <View
                style={
                  Object {
                    "flex": 1,
                    "height": "100%",
                    "width": "100%",
                  }
                }
              >
                <View
                  accessibilityComponentType={undefined}
                  accessibilityLabel={undefined}
                  accessibilityTraits={undefined}
                  accessible={true}
                  hasTVPreferredFocus={undefined}
                  hitSlop={undefined}
                  isTVSelectable={true}
                  onLayout={undefined}
                  onResponderGrant={[Function]}
                  onResponderMove={[Function]}
                  onResponderRelease={[Function]}
                  onResponderTerminate={[Function]}
                  onResponderTerminationRequest={[Function]}
                  onStartShouldSetResponder={[Function]}
                  style={
                    Array [
                      Object {
                        "backgroundColor": "transparent",
                      },
                      Object {
                        "alignItems": "center",
                        "backgroundColor": "#141313",
                        "borderColor": "#329932",
                        "borderRadius": 0,
                        "borderWidth": 1,
                        "flex": 1,
                        "flexDirection": "row",
                        "height": "100%",
                        "justifyContent": "center",
                        "width": "100%",
                      },
                    ]
                  }
                  testID={undefined}
                  tvParallaxProperties={undefined}
                >
                  <Text
                    accessible={true}
                    allowFontScaling={true}
                    ellipsizeMode="tail"
                    style={
                      Object {
                        "color": "#329932",
                        "flex": 1,
                        "fontFamily": "telegrama_raw",
                        "textAlign": "center",
                      }
                    }
                  >
                    No
                  </Text>
                </View>
              </View>
            </View>
          </View>
        </View>
      </View>
      <Image
        source={1}
        style={
          Object {
            "height": "10%",
            "resizeMode": "stretch",
            "width": "100%",
          }
        }
      />
    </View>
  </View>
</View>
`;
