// Jest Snapshot v1, https://goo.gl/fbAQLP

exports[`TimelineSummary => renders correctly 1`] = `
<View
  accessibilityComponentType={undefined}
  accessibilityLabel={undefined}
  accessibilityTraits={undefined}
  accessible={true}
  hasTVPreferredFocus={undefined}
  hitSlop={undefined}
  isTVSelectable={true}
  onLayout={undefined}
  onResponderGrant={[Function]}
  onResponderMove={[Function]}
  onResponderRelease={[Function]}
  onResponderTerminate={[Function]}
  onResponderTerminationRequest={[Function]}
  onStartShouldSetResponder={[Function]}
  style={
    Array [
      Object {
        "backgroundColor": "transparent",
      },
      undefined,
    ]
  }
  testID={undefined}
  tvParallaxProperties={undefined}
>
  <View
    style={
      Object {
        "backgroundColor": "#329932",
        "borderColor": "#329932",
        "borderRadius": 0,
        "borderWidth": 0.5,
        "flex": 1,
        "flexDirection": "column",
        "height": 120,
        "marginBottom": 7,
        "width": "100%",
      }
    }
  >
    <View
      style={
        Object {
          "alignItems": "center",
          "flexDirection": "row",
          "height": 35,
          "justifyContent": "center",
        }
      }
    >
      <Image
        source={1}
        style={
          Object {
            "backgroundColor": "#141313",
            "borderColor": "black",
            "borderWidth": 1,
            "flex": 0,
            "height": 28,
            "margin": 1,
            "resizeMode": "stretch",
            "width": 26,
          }
        }
      />
      <Text
        accessible={true}
        allowFontScaling={true}
        ellipsizeMode="tail"
        numberOfLines={1}
        style={
          Object {
            "color": "#0e0e0e",
            "flex": 7,
            "fontFamily": "telegrama_raw",
            "fontSize": 30.607554623001164,
            "textAlign": "center",
          }
        }
      >
        Timeline 1
      </Text>
      <Image
        source={1}
        style={
          Object {
            "backgroundColor": "#141313",
            "borderColor": "black",
            "borderWidth": 1,
            "flex": 0,
            "height": 28,
            "margin": 1,
            "resizeMode": "stretch",
            "width": 26,
          }
        }
      />
    </View>
    <View
      style={
        Object {
          "backgroundColor": "#141313",
          "borderColor": "#141313",
          "borderRadius": 0,
          "borderWidth": 0.5,
          "flex": 13,
          "flexDirection": "column",
          "justifyContent": "space-between",
          "margin": 1,
        }
      }
    >
      <View
        style={
          Object {
            "alignItems": "center",
            "flex": 1,
            "flexDirection": "row",
            "justifyContent": "center",
          }
        }
      >
        <Image
          source={
            Object {
              "uri": "http://10.0.0.6:3000/placeholders/nopic.png",
            }
          }
          style={
            Object {
              "height": 30,
              "margin": 4,
              "width": 30,
            }
          }
        >
          <View
            style={
              Object {
                "backgroundColor": "green",
                "height": "100%",
                "opacity": 0.5,
                "width": "100%",
              }
            }
          />
        </Image>
        <Image
          source={
            Object {
              "uri": "http://10.0.0.6:3000/placeholders/nopic.png",
            }
          }
          style={
            Object {
              "height": 30,
              "margin": 4,
              "width": 30,
            }
          }
        >
          <View
            style={
              Object {
                "backgroundColor": "green",
                "height": "100%",
                "opacity": 0.5,
                "width": "100%",
              }
            }
          />
        </Image>
        <Image
          source={
            Object {
              "uri": "http://10.0.0.6:3000/placeholders/nopic.png",
            }
          }
          style={
            Object {
              "height": 30,
              "margin": 4,
              "width": 30,
            }
          }
        >
          <View
            style={
              Object {
                "backgroundColor": "green",
                "height": "100%",
                "opacity": 0.5,
                "width": "100%",
              }
            }
          />
        </Image>
        <Image
          source={
            Object {
              "uri": "http://10.0.0.6:3000/placeholders/nopic.png",
            }
          }
          style={
            Object {
              "height": 30,
              "margin": 4,
              "width": 30,
            }
          }
        >
          <View
            style={
              Object {
                "backgroundColor": "green",
                "height": "100%",
                "opacity": 0.5,
                "width": "100%",
              }
            }
          />
        </Image>
      </View>
    </View>
  </View>
</View>
`;
